data/ivan/tr_decis_n_19_e_484.csv	0	1
data/ivan/val_decis_n_19_e_484.csv	0	2
data/ivan/tr_decis_n_23_e_485.csv	1	1
data/ivan/val_decis_n_23_e_485.csv	1	2
data/ivan/tr_decis_n_10_e_344.csv	2	1
data/ivan/val_decis_n_10_e_344.csv	2	2
data/ivan/tr_decis_n_21_e_245.csv	3	1
data/ivan/val_decis_n_21_e_245.csv	3	2
data/ivan/tr_decis_n_11_e_456.csv	4	1
data/ivan/val_decis_n_11_e_456.csv	4	2
data/ivan/tr_decis_n_3_e_446.csv	5	1
data/ivan/val_decis_n_3_e_446.csv	5	2
data/ivan/tr_decis_n_1_e_497.csv	6	1
data/ivan/val_decis_n_1_e_497.csv	6	2
data/ivan/tr_decis_n_17_e_203.csv	7	1
data/ivan/val_decis_n_17_e_203.csv	7	2
data/ivan/tr_decis_n_11_e_293.csv	8	1
data/ivan/val_decis_n_11_e_293.csv	8	2
data/ivan/tr_decis_n_12_e_270.csv	9	1
data/ivan/val_decis_n_12_e_270.csv	9	2
data/ivan/tr_decis_n_26_e_300.csv	10	1
data/ivan/val_decis_n_26_e_300.csv	10	2
data/ivan/tr_decis_n_7_e_479.csv	11	1
data/ivan/val_decis_n_7_e_479.csv	11	2
data/ivan/tr_decis_n_1_e_491.csv	12	1
data/ivan/val_decis_n_1_e_491.csv	12	2
data/ivan/tr_decis_n_2_e_346.csv	13	1
data/ivan/val_decis_n_2_e_346.csv	13	2
data/ivan/tr_decis_n_11_e_448.csv	14	1
data/ivan/val_decis_n_11_e_448.csv	14	2
data/ivan/tr_decis_n_6_e_476.csv	15	1
data/ivan/val_decis_n_6_e_476.csv	15	2
data/ivan/tr_decis_n_27_e_290.csv	16	1
data/ivan/val_decis_n_27_e_290.csv	16	2
data/ivan/tr_decis_n_25_e_455.csv	17	1
data/ivan/val_decis_n_25_e_455.csv	17	2
data/ivan/tr_decis_n_8_e_274.csv	18	1
data/ivan/val_decis_n_8_e_274.csv	18	2
data/ivan/tr_decis_n_19_e_298.csv	19	1
data/ivan/val_decis_n_19_e_298.csv	19	2
data/ivan/tr_decis_n_12_e_294.csv	20	1
data/ivan/val_decis_n_12_e_294.csv	20	2
data/ivan/tr_decis_n_18_e_423.csv	21	1
data/ivan/val_decis_n_18_e_423.csv	21	2
data/ivan/tr_decis_n_3_e_487.csv	22	1
data/ivan/val_decis_n_3_e_487.csv	22	2
data/ivan/tr_decis_n_15_e_317.csv	23	1
data/ivan/val_decis_n_15_e_317.csv	23	2
data/ivan/tr_decis_n_23_e_418.csv	24	1
data/ivan/val_decis_n_23_e_418.csv	24	2
data/ivan/tr_decis_n_6_e_410.csv	25	1
data/ivan/val_decis_n_6_e_410.csv	25	2
data/ivan/tr_decis_n_14_e_429.csv	26	1
data/ivan/val_decis_n_14_e_429.csv	26	2
data/ivan/tr_decis_n_15_e_237.csv	27	1
data/ivan/val_decis_n_15_e_237.csv	27	2
data/ivan/tr_decis_n_20_e_445.csv	28	1
data/ivan/val_decis_n_20_e_445.csv	28	2
data/ivan/tr_decis_n_16_e_268.csv	29	1
data/ivan/val_decis_n_16_e_268.csv	29	2
data/ivan/tr_decis_n_24_e_361.csv	30	1
data/ivan/val_decis_n_24_e_361.csv	30	2
data/ivan/tr_decis_n_22_e_289.csv	31	1
data/ivan/val_decis_n_22_e_289.csv	31	2
data/ivan/tr_decis_n_16_e_425.csv	32	1
data/ivan/val_decis_n_16_e_425.csv	32	2
data/ivan/tr_decis_n_29_e_321.csv	33	1
data/ivan/val_decis_n_29_e_321.csv	33	2
data/ivan/tr_decis_n_16_e_250.csv	34	1
data/ivan/val_decis_n_16_e_250.csv	34	2
data/ivan/tr_decis_n_0_e_369.csv	35	1
data/ivan/val_decis_n_0_e_369.csv	35	2
data/ivan/tr_decis_n_15_e_249.csv	36	1
data/ivan/val_decis_n_15_e_249.csv	36	2
data/ivan/tr_decis_n_4_e_245.csv	37	1
data/ivan/val_decis_n_4_e_245.csv	37	2
data/ivan/tr_decis_n_13_e_462.csv	38	1
data/ivan/val_decis_n_13_e_462.csv	38	2
data/ivan/tr_decis_n_19_e_439.csv	39	1
data/ivan/val_decis_n_19_e_439.csv	39	2
data/ivan/tr_decis_n_21_e_229.csv	40	1
data/ivan/val_decis_n_21_e_229.csv	40	2
data/ivan/tr_decis_n_17_e_431.csv	41	1
data/ivan/val_decis_n_17_e_431.csv	41	2
data/ivan/tr_decis_n_5_e_320.csv	42	1
data/ivan/val_decis_n_5_e_320.csv	42	2
data/ivan/tr_decis_n_29_e_428.csv	43	1
data/ivan/val_decis_n_29_e_428.csv	43	2
data/ivan/tr_decis_n_27_e_318.csv	44	1
data/ivan/val_decis_n_27_e_318.csv	44	2
data/ivan/tr_decis_n_10_e_271.csv	45	1
data/ivan/val_decis_n_10_e_271.csv	45	2
data/ivan/tr_decis_n_28_e_209.csv	46	1
data/ivan/val_decis_n_28_e_209.csv	46	2
data/ivan/tr_decis_n_12_e_319.csv	47	1
data/ivan/val_decis_n_12_e_319.csv	47	2
data/ivan/tr_decis_n_23_e_429.csv	48	1
data/ivan/val_decis_n_23_e_429.csv	48	2
data/ivan/tr_decis_n_2_e_266.csv	49	1
data/ivan/val_decis_n_2_e_266.csv	49	2
data/ivan/tr_decis_n_25_e_324.csv	50	1
data/ivan/val_decis_n_25_e_324.csv	50	2
data/ivan/tr_decis_n_18_e_436.csv	51	1
data/ivan/val_decis_n_18_e_436.csv	51	2
data/ivan/tr_decis_n_27_e_431.csv	52	1
data/ivan/val_decis_n_27_e_431.csv	52	2
data/ivan/tr_decis_n_5_e_371.csv	53	1
data/ivan/val_decis_n_5_e_371.csv	53	2
data/ivan/tr_decis_n_1_e_362.csv	54	1
data/ivan/val_decis_n_1_e_362.csv	54	2
data/ivan/tr_decis_n_26_e_376.csv	55	1
data/ivan/val_decis_n_26_e_376.csv	55	2
data/ivan/tr_decis_n_21_e_333.csv	56	1
data/ivan/val_decis_n_21_e_333.csv	56	2
data/ivan/tr_decis_n_4_e_226.csv	57	1
data/ivan/val_decis_n_4_e_226.csv	57	2
data/ivan/tr_decis_n_20_e_431.csv	58	1
data/ivan/val_decis_n_20_e_431.csv	58	2
data/ivan/tr_decis_n_9_e_387.csv	59	1
data/ivan/val_decis_n_9_e_387.csv	59	2
data/ivan/tr_decis_n_22_e_236.csv	60	1
data/ivan/val_decis_n_22_e_236.csv	60	2
data/ivan/tr_decis_n_13_e_448.csv	61	1
data/ivan/val_decis_n_13_e_448.csv	61	2
data/ivan/tr_decis_n_14_e_497.csv	62	1
data/ivan/val_decis_n_14_e_497.csv	62	2
data/ivan/tr_decis_n_18_e_281.csv	63	1
data/ivan/val_decis_n_18_e_281.csv	63	2
data/ivan/tr_decis_n_9_e_342.csv	64	1
data/ivan/val_decis_n_9_e_342.csv	64	2
data/ivan/tr_decis_n_22_e_429.csv	65	1
data/ivan/val_decis_n_22_e_429.csv	65	2
data/ivan/tr_decis_n_6_e_273.csv	66	1
data/ivan/val_decis_n_6_e_273.csv	66	2
data/ivan/tr_decis_n_7_e_421.csv	67	1
data/ivan/val_decis_n_7_e_421.csv	67	2
data/ivan/tr_decis_n_4_e_411.csv	68	1
data/ivan/val_decis_n_4_e_411.csv	68	2
data/ivan/tr_decis_n_9_e_307.csv	69	1
data/ivan/val_decis_n_9_e_307.csv	69	2
data/ivan/tr_decis_n_0_e_288.csv	70	1
data/ivan/val_decis_n_0_e_288.csv	70	2
data/ivan/tr_decis_n_26_e_476.csv	71	1
data/ivan/val_decis_n_26_e_476.csv	71	2
data/ivan/tr_decis_n_3_e_390.csv	72	1
data/ivan/val_decis_n_3_e_390.csv	72	2
data/ivan/tr_decis_n_25_e_211.csv	73	1
data/ivan/val_decis_n_25_e_211.csv	73	2
data/ivan/tr_decis_n_14_e_441.csv	74	1
data/ivan/val_decis_n_14_e_441.csv	74	2
data/ivan/tr_decis_n_2_e_393.csv	75	1
data/ivan/val_decis_n_2_e_393.csv	75	2
data/ivan/tr_decis_n_28_e_239.csv	76	1
data/ivan/val_decis_n_28_e_239.csv	76	2
data/ivan/tr_decis_n_29_e_495.csv	77	1
data/ivan/val_decis_n_29_e_495.csv	77	2
data/ivan/tr_decis_n_5_e_246.csv	78	1
data/ivan/val_decis_n_5_e_246.csv	78	2
data/ivan/tr_decis_n_28_e_482.csv	79	1
data/ivan/val_decis_n_28_e_482.csv	79	2
data/ivan/tr_decis_n_17_e_421.csv	80	1
data/ivan/val_decis_n_17_e_421.csv	80	2
data/ivan/tr_decis_n_24_e_322.csv	81	1
data/ivan/val_decis_n_24_e_322.csv	81	2
data/ivan/tr_decis_n_8_e_289.csv	82	1
data/ivan/val_decis_n_8_e_289.csv	82	2
data/ivan/tr_decis_n_20_e_457.csv	83	1
data/ivan/val_decis_n_20_e_457.csv	83	2
data/ivan/tr_decis_n_0_e_330.csv	84	1
data/ivan/val_decis_n_0_e_330.csv	84	2
data/ivan/tr_decis_n_13_e_298.csv	85	1
data/ivan/val_decis_n_13_e_298.csv	85	2
data/ivan/tr_decis_n_7_e_251.csv	86	1
data/ivan/val_decis_n_7_e_251.csv	86	2
data/ivan/tr_decis_n_8_e_367.csv	87	1
data/ivan/val_decis_n_8_e_367.csv	87	2
data/ivan/tr_decis_n_24_e_478.csv	88	1
data/ivan/val_decis_n_24_e_478.csv	88	2
data/ivan/tr_decis_n_10_e_280.csv	89	1
data/ivan/val_decis_n_10_e_280.csv	89	2
