data/ivan/tr_decis_n_23_e_485.csv	0	1
data/ivan/tr_decis_n_12_e_270.csv	1	1
data/ivan/tr_decis_n_6_e_476.csv	2	1
data/ivan/tr_decis_n_12_e_294.csv	3	1
data/ivan/tr_decis_n_3_e_487.csv	4	1
data/ivan/tr_decis_n_23_e_418.csv	5	1
data/ivan/tr_decis_n_6_e_410.csv	6	1
data/ivan/tr_decis_n_20_e_445.csv	7	1
data/ivan/tr_decis_n_16_e_268.csv	8	1
data/ivan/tr_decis_n_24_e_361.csv	9	1
data/ivan/tr_decis_n_16_e_425.csv	10	1
data/ivan/tr_decis_n_15_e_249.csv	11	1
data/ivan/tr_decis_n_19_e_439.csv	12	1
data/ivan/tr_decis_n_21_e_229.csv	13	1
data/ivan/tr_decis_n_10_e_271.csv	14	1
data/ivan/tr_decis_n_12_e_319.csv	15	1
data/ivan/tr_decis_n_23_e_429.csv	16	1
data/ivan/tr_decis_n_20_e_431.csv	17	1
data/ivan/tr_decis_n_13_e_448.csv	18	1
data/ivan/tr_decis_n_9_e_342.csv	19	1
data/ivan/tr_decis_n_6_e_273.csv	20	1
data/ivan/tr_decis_n_7_e_421.csv	21	1
data/ivan/tr_decis_n_9_e_307.csv	22	1
data/ivan/tr_decis_n_3_e_390.csv	23	1
data/ivan/tr_decis_n_14_e_441.csv	24	1
data/ivan/tr_decis_n_24_e_322.csv	25	1
data/ivan/tr_decis_n_7_e_251.csv	26	1
data/ivan/tr_decis_n_8_e_367.csv	27	1
data/ivan/tr_decis_n_24_e_478.csv	28	1
data/ivan/val_decis_n_23_e_485.csv	0	2
data/ivan/val_decis_n_12_e_270.csv	1	2
data/ivan/val_decis_n_6_e_476.csv	2	2
data/ivan/val_decis_n_12_e_294.csv	3	2
data/ivan/val_decis_n_3_e_487.csv	4	2
data/ivan/val_decis_n_23_e_418.csv	5	2
data/ivan/val_decis_n_6_e_410.csv	6	2
data/ivan/val_decis_n_20_e_445.csv	7	2
data/ivan/val_decis_n_16_e_268.csv	8	2
data/ivan/val_decis_n_24_e_361.csv	9	2
data/ivan/val_decis_n_16_e_425.csv	10	2
data/ivan/val_decis_n_15_e_249.csv	11	2
data/ivan/val_decis_n_19_e_439.csv	12	2
data/ivan/val_decis_n_21_e_229.csv	13	2
data/ivan/val_decis_n_10_e_271.csv	14	2
data/ivan/val_decis_n_12_e_319.csv	15	2
data/ivan/val_decis_n_23_e_429.csv	16	2
data/ivan/val_decis_n_20_e_431.csv	17	2
data/ivan/val_decis_n_13_e_448.csv	18	2
data/ivan/val_decis_n_9_e_342.csv	19	2
data/ivan/val_decis_n_6_e_273.csv	20	2
data/ivan/val_decis_n_7_e_421.csv	21	2
data/ivan/val_decis_n_9_e_307.csv	22	2
data/ivan/val_decis_n_3_e_390.csv	23	2
data/ivan/val_decis_n_14_e_441.csv	24	2
data/ivan/val_decis_n_24_e_322.csv	25	2
data/ivan/val_decis_n_7_e_251.csv	26	2
data/ivan/val_decis_n_8_e_367.csv	27	2
data/ivan/val_decis_n_24_e_478.csv	28	2
