data/ivan/tr_decis_n_0_e_288.csv	1
data/ivan/tr_decis_n_0_e_330.csv	1	
data/ivan/tr_decis_n_0_e_369.csv	1
data/ivan/tr_decis_n_1_e_362.csv	1
data/ivan/tr_decis_n_1_e_491.csv	1
data/ivan/tr_decis_n_1_e_497.csv	1
data/ivan/tr_decis_n_2_e_266.csv	1
data/ivan/tr_decis_n_2_e_346.csv	1
data/ivan/tr_decis_n_2_e_393.csv	1
data/ivan/tr_decis_n_3_e_390.csv	1
data/ivan/tr_decis_n_3_e_446.csv	1
data/ivan/tr_decis_n_3_e_487.csv	1
data/ivan/tr_decis_n_4_e_226.csv	1
data/ivan/tr_decis_n_4_e_245.csv	1
data/ivan/tr_decis_n_4_e_411.csv	1
data/ivan/tr_decis_n_5_e_246.csv	1
data/ivan/tr_decis_n_5_e_320.csv	1
data/ivan/tr_decis_n_5_e_371.csv	1
data/ivan/tr_decis_n_6_e_273.csv	1
data/ivan/tr_decis_n_6_e_410.csv	1
data/ivan/tr_decis_n_6_e_476.csv	1
data/ivan/tr_decis_n_7_e_251.csv	1
data/ivan/tr_decis_n_7_e_421.csv	1
data/ivan/tr_decis_n_7_e_479.csv	1
data/ivan/tr_decis_n_8_e_274.csv	1
data/ivan/val_decis_n_0_e_288.csv	2
data/ivan/val_decis_n_0_e_330.csv	2	
data/ivan/val_decis_n_0_e_369.csv	2
data/ivan/val_decis_n_1_e_362.csv	2
data/ivan/val_decis_n_1_e_491.csv	2
data/ivan/val_decis_n_1_e_497.csv	2
data/ivan/val_decis_n_2_e_266.csv	2
data/ivan/val_decis_n_2_e_346.csv	2
data/ivan/val_decis_n_2_e_393.csv	2
data/ivan/val_decis_n_3_e_390.csv	2
data/ivan/val_decis_n_3_e_446.csv	2
data/ivan/val_decis_n_3_e_487.csv	2
data/ivan/val_decis_n_4_e_226.csv	2
data/ivan/val_decis_n_4_e_245.csv	2
data/ivan/val_decis_n_4_e_411.csv	2
data/ivan/val_decis_n_5_e_246.csv	2
data/ivan/val_decis_n_5_e_320.csv	2
data/ivan/val_decis_n_5_e_371.csv	2
data/ivan/val_decis_n_6_e_273.csv	2
data/ivan/val_decis_n_6_e_410.csv	2
data/ivan/val_decis_n_6_e_476.csv	2
data/ivan/val_decis_n_7_e_251.csv	2
data/ivan/val_decis_n_7_e_421.csv	2
data/ivan/val_decis_n_7_e_479.csv	2
data/ivan/val_decis_n_8_e_274.csv	2